[36mINFO[0m[2026-08-08 20:57:40] Upload /Users/luke/my_projects/how-to-learn-something-everyday/cs/classic/imgs/01-comparison-bulkhead-isolation.png to cos://luke-1307356219/articles/01-comparison-bulkhead-isolation.png start 
[31mERRO[0m[2026-08-08 20:57:40] endpoint is missing                          
[36mINFO[0m[2026-08-09 19:56:23] Upload /Users/luke/my_projects/how-to-learn-something-everyday/illustrations/threadpool-execute-flow/01-flowchart-threadpool-execute.png to cos://luke-1307356219/articles/01-flowchart-threadpool-execute.png start 
[31mERRO[0m[2026-08-09 19:56:23] endpoint is missing                          
[36mINFO[0m[2026-08-09 19:56:35] Upload illustrations/threadpool-execute-flow/01-flowchart-threadpool-execute.png to cos://luke-1307356219/articles/01-flowchart-threadpool-execute.png start 
[36mINFO[0m[2026-08-09 19:56:36] Upload illustrations/threadpool-execute-flow/01-flowchart-threadpool-execute.png to cos://luke-1307356219/articles/01-flowchart-threadpool-execute.png Succeed: Total num: 1, size: 178,456 Byte (174.27 KB). OK num: 1(upload 1 files). 
[36mINFO[0m[2026-08-09 21:09:32] Upload /Users/luke/my_projects/how-to-learn-something-everyday/ai/搓了个网页/imgs/01-scene-internet-home-cover.png to cos://luke-1307356219/articles/01-scene-internet-home-cover.png start 
[31mERRO[0m[2026-08-09 21:09:32] secretID is missing                          
[36mINFO[0m[2026-08-09 21:09:53] Upload /Users/luke/my_projects/how-to-learn-something-everyday/ai/搓了个网页/imgs/01-scene-internet-home-cover.png to cos://luke-1307356219/articles/01-scene-internet-home-cover.png start 
[36mINFO[0m[2026-08-09 21:09:53] Upload /Users/luke/my_projects/how-to-learn-something-everyday/ai/搓了个网页/imgs/01-scene-internet-home-cover.png to cos://luke-1307356219/articles/01-scene-internet-home-cover.png Succeed: Total num: 1, size: 669,960 Byte (654.26 KB). OK num: 1(upload 1 files). 
[31mERRO[0m[2026-08-14 16:30:59] secretID is missing                          
[36mINFO[0m[2026-08-14 16:32:06] Upload /Users/luke/my_projects/how-to-learn-something-everyday/cs/graphql/imgs/01-infographic-cloudapi-vs-graphql.png to cos://luke-1307356219/articles/01-infographic-cloudapi-vs-graphql.png start 
[31mERRO[0m[2026-08-14 16:32:06] endpoint is missing                          
[36mINFO[0m[2026-08-14 16:32:30] Upload /Users/luke/my_projects/how-to-learn-something-everyday/cs/graphql/imgs/01-infographic-cloudapi-vs-graphql.png to cos://luke-1307356219/articles/01-infographic-cloudapi-vs-graphql.png start 
[31mERRO[0m[2026-08-14 16:32:30] endpoint is missing                          
[36mINFO[0m[2026-08-14 16:32:59] Upload /Users/luke/my_projects/how-to-learn-something-everyday/cs/graphql/imgs/01-infographic-cloudapi-vs-graphql.png to cos://luke-1307356219/articles/01-infographic-cloudapi-vs-graphql.png start 
[31mERRO[0m[2026-08-14 16:32:59] endpoint is missing                          
[36mINFO[0m[2026-08-14 16:33:13] Upload /Users/luke/my_projects/how-to-learn-something-everyday/cs/graphql/imgs/01-infographic-cloudapi-vs-graphql.png to cos://luke-1307356219/articles/01-infographic-cloudapi-vs-graphql.png start 
[31mERRO[0m[2026-08-14 16:33:13] endpoint is missing                          
[36mINFO[0m[2026-08-14 16:33:26] Upload /Users/luke/my_projects/how-to-learn-something-everyday/cs/graphql/imgs/01-infographic-cloudapi-vs-graphql.png to cos://luke-1307356219/articles/01-infographic-cloudapi-vs-graphql.png start 
[31mERRO[0m[2026-08-14 16:33:26] endpoint is missing                          
[36mINFO[0m[2026-08-14 16:33:58] Upload /Users/luke/my_projects/how-to-learn-something-everyday/cs/graphql/imgs/01-infographic-cloudapi-vs-graphql.png to cos://luke-1307356219/articles/01-infographic-cloudapi-vs-graphql.png start 
[36mINFO[0m[2026-08-14 16:33:59] Upload /Users/luke/my_projects/how-to-learn-something-everyday/cs/graphql/imgs/01-infographic-cloudapi-vs-graphql.png to cos://luke-1307356219/articles/01-infographic-cloudapi-vs-graphql.png Succeed: Total num: 1, size: 246,092 Byte (240.32 KB). OK num: 1(upload 1 files). 
[36mINFO[0m[2026-08-14 16:33:59] Upload /Users/luke/my_projects/how-to-learn-something-everyday/cs/graphql/imgs/02-infographic-three-things.png to cos://luke-1307356219/articles/02-infographic-three-things.png start 
[36mINFO[0m[2026-08-14 16:33:59] Upload /Users/luke/my_projects/how-to-learn-something-everyday/cs/graphql/imgs/02-infographic-three-things.png to cos://luke-1307356219/articles/02-infographic-three-things.png Succeed: Total num: 1, size: 285,603 Byte (278.91 KB). OK num: 1(upload 1 files). 
[36mINFO[0m[2026-08-14 16:33:59] Upload /Users/luke/my_projects/how-to-learn-something-everyday/cs/graphql/imgs/03-infographic-overfetch.png to cos://luke-1307356219/articles/03-infographic-overfetch.png start 
[36mINFO[0m[2026-08-14 16:34:00] Upload /Users/luke/my_projects/how-to-learn-something-everyday/cs/graphql/imgs/03-infographic-overfetch.png to cos://luke-1307356219/articles/03-infographic-overfetch.png Succeed: Total num: 1, size: 302,439 Byte (295.35 KB). OK num: 1(upload 1 files). 
[36mINFO[0m[2026-08-14 16:34:00] Upload /Users/luke/my_projects/how-to-learn-something-everyday/cs/graphql/imgs/04-infographic-interface-node.png to cos://luke-1307356219/articles/04-infographic-interface-node.png start 
[36mINFO[0m[2026-08-14 16:34:01] Upload /Users/luke/my_projects/how-to-learn-something-everyday/cs/graphql/imgs/04-infographic-interface-node.png to cos://luke-1307356219/articles/04-infographic-interface-node.png Succeed: Total num: 1, size: 200,268 Byte (195.57 KB). OK num: 1(upload 1 files). 
[36mINFO[0m[2026-08-14 16:34:01] Upload /Users/luke/my_projects/how-to-learn-something-everyday/cs/graphql/imgs/05-infographic-haspermission-casbin.png to cos://luke-1307356219/articles/05-infographic-haspermission-casbin.png start 
[36mINFO[0m[2026-08-14 16:34:01] Upload /Users/luke/my_projects/how-to-learn-something-everyday/cs/graphql/imgs/05-infographic-haspermission-casbin.png to cos://luke-1307356219/articles/05-infographic-haspermission-casbin.png Succeed: Total num: 1, size: 256,748 Byte (250.73 KB). OK num: 1(upload 1 files). 
[36mINFO[0m[2026-08-14 16:34:01] Upload /Users/luke/my_projects/how-to-learn-something-everyday/cs/graphql/imgs/06-infographic-nullability.png to cos://luke-1307356219/articles/06-infographic-nullability.png start 
[36mINFO[0m[2026-08-14 16:34:02] Upload /Users/luke/my_projects/how-to-learn-something-everyday/cs/graphql/imgs/06-infographic-nullability.png to cos://luke-1307356219/articles/06-infographic-nullability.png Succeed: Total num: 1, size: 255,803 Byte (249.81 KB). OK num: 1(upload 1 files). 
[36mINFO[0m[2026-08-14 16:34:02] Upload /Users/luke/my_projects/how-to-learn-something-everyday/cs/graphql/imgs/07-infographic-deprecated.png to cos://luke-1307356219/articles/07-infographic-deprecated.png start 
[36mINFO[0m[2026-08-14 16:34:02] Upload /Users/luke/my_projects/how-to-learn-something-everyday/cs/graphql/imgs/07-infographic-deprecated.png to cos://luke-1307356219/articles/07-infographic-deprecated.png Succeed: Total num: 1, size: 313,428 Byte (306.08 KB). OK num: 1(upload 1 files). 
[36mINFO[0m[2026-08-14 16:34:02] Upload /Users/luke/my_projects/how-to-learn-something-everyday/cs/graphql/imgs/08-infographic-introspection.png to cos://luke-1307356219/articles/08-infographic-introspection.png start 
[36mINFO[0m[2026-08-14 16:34:03] Upload /Users/luke/my_projects/how-to-learn-something-everyday/cs/graphql/imgs/08-infographic-introspection.png to cos://luke-1307356219/articles/08-infographic-introspection.png Succeed: Total num: 1, size: 349,223 Byte (341.04 KB). OK num: 1(upload 1 files). 
[36mINFO[0m[2026-08-14 16:34:03] Upload /Users/luke/my_projects/how-to-learn-something-everyday/cs/graphql/imgs/09-infographic-query-is-type.png to cos://luke-1307356219/articles/09-infographic-query-is-type.png start 
[36mINFO[0m[2026-08-14 16:34:04] Upload /Users/luke/my_projects/how-to-learn-something-everyday/cs/graphql/imgs/09-infographic-query-is-type.png to cos://luke-1307356219/articles/09-infographic-query-is-type.png Succeed: Total num: 1, size: 223,728 Byte (218.48 KB). OK num: 1(upload 1 files). 
[36mINFO[0m[2026-08-26 19:22:01] Upload /data/home/lukemxjia/HowToLearnEverything/ai/每天一个Agent知识点/imgs/01-infographic-compact-throttle-cover.png to cos://luke-1307356219/articles/01-infographic-compact-throttle-cover.png start 
[36mINFO[0m[2026-08-26 19:22:01] Upload /data/home/lukemxjia/HowToLearnEverything/ai/每天一个Agent知识点/imgs/01-infographic-compact-throttle-cover.png to cos://luke-1307356219/articles/01-infographic-compact-throttle-cover.png Succeed: Total num: 1, size: 794,255 Byte (775.64 KB). OK num: 1(upload 1 files). 
